
> web@0.1.0 build
> next build

   ▲ Next.js 14.1.0

   Creating an optimized production build ...
 ✓ Compiled successfully
   Linting and checking validity of types ...
   Collecting page data ...
   Generating static pages (0/14) ...
   Generating static pages (3/14) 
   Generating static pages (6/14) 
   Generating static pages (10/14) 
 ✓ Generating static pages (14/14) 
   Finalizing page optimization ...
   Collecting build traces ...

Route (app)                              Size     First Load JS
┌ ○ /                                    174 B          91.2 kB
├ ○ /_not-found                          881 B          85.1 kB
├ λ /api/ascii                           0 B                0 B
├ λ /api/ascii/video                     0 B                0 B
├ λ /api/gallery/save                    0 B                0 B
├ ○ /docs                                153 B          84.4 kB
├ ○ /docs/cli                            153 B          84.4 kB
├ ○ /docs/installation                   153 B          84.4 kB
├ ○ /docs/library                        153 B          84.4 kB
├ ○ /docs/react                          153 B          84.4 kB
├ λ /gallery                             4.51 kB        95.5 kB
└ ○ /playground                          6.02 kB         105 kB
+ First Load JS shared by all            84.2 kB
  ├ chunks/1dd3208c-d39ef6509f249b15.js  53.4 kB
  ├ chunks/997-bf95be66b373847f.js       28.9 kB
  └ other shared chunks (total)          1.9 kB


○  (Static)   prerendered as static content
λ  (Dynamic)  server-rendered on demand using Node.js

